1767312111.309788âš ï¸ Pip uninstall for Pillow failed due to permission/system package management. Proceeding with install. Error: ERROR: Exception:
Traceback (most recent call last):
  File "/usr/lib/python3.12/shutil.py", line 886, in move
    os.rename(src, real_dst)
PermissionError: [Errno 13] Permission denied: '/usr/lib/python3/dist-packages/PIL' -> '/tmp/pip-uninstall-a9bg8jil'

During handling of the above exception, another exception occurred:

Traceback (most recent call last):
  File "/home/anthony/.local/lib/python3.12/site-packages/pip/_internal/cli/base_command.py", line 107, in _run_wrapper
    status = _inner_run()
             ^^^^^^^^^^^^
  File "/home/anthony/.local/lib/python3.12/site-packages/pip/_internal/cli/base_command.py", line 98, in _inner_run
    return self.run(options, args)
           ^^^^^^^^^^^^^^^^^^^^^^^
  File "/home/anthony/.local/lib/python3.12/site-packages/pip/_internal/commands/uninstall.py", line 105, in run
    uninstall_pathset = req.uninstall(
                        ^^^^^^^^^^^^^^
  File "/home/anthony/.local/lib/python3.12/site-packages/pip/_internal/req/req_install.py", line 726, in uninstall
    uninstalled_pathset.remove(auto_confirm, verbose)
  File "/home/anthony/.local/lib/python3.12/site-packages/pip/_internal/req/req_uninstall.py", line 373, in remove
    moved.stash(path)
  File "/home/anthony/.local/lib/python3.12/site-packages/pip/_internal/req/req_uninstall.py", line 264, in stash
    renames(path, new_path)
  File "/home/anthony/.local/lib/python3.12/site-packages/pip/_internal/utils/misc.py", line 342, in renames
    shutil.move(old, new)
  File "/usr/lib/python3.12/shutil.py", line 904, in move
    rmtree(src)
  File "/usr/lib/python3.12/shutil.py", line 785, in rmtree
    _rmtree_safe_fd(fd, path, onexc)
  File "/usr/lib/python3.12/shutil.py", line 717, in _rmtree_safe_fd
    onexc(os.unlink, fullname, err)
  File "/usr/lib/python3.12/shutil.py", line 715, in _rmtree_safe_fd
    os.unlink(entry.name, dir_fd=topfd)
PermissionError: [Errno 13] Permission denied: '_version.py' âŒ OpenAirğŸª¿ conditional console print  ğŸ§© {'version': '20251226.000000.1'}
1767312118.399585âš ï¸ Pip uninstall for pyvisa failed due to permission/system package management. Proceeding with install. Error: ERROR: Exception:
Traceback (most recent call last):
  File "/usr/lib/python3.12/shutil.py", line 886, in move
    os.rename(src, real_dst)
PermissionError: [Errno 13] Permission denied: '/usr/lib/python3/dist-packages/PyVISA-1.11.3.egg-info' -> '/tmp/pip-uninstall-3gfuhio1'

During handling of the above exception, another exception occurred:

Traceback (most recent call last):
  File "/home/anthony/.local/lib/python3.12/site-packages/pip/_internal/cli/base_command.py", line 107, in _run_wrapper
    status = _inner_run()
             ^^^^^^^^^^^^
  File "/home/anthony/.local/lib/python3.12/site-packages/pip/_internal/cli/base_command.py", line 98, in _inner_run
    return self.run(options, args)
           ^^^^^^^^^^^^^^^^^^^^^^^
  File "/home/anthony/.local/lib/python3.12/site-packages/pip/_internal/commands/uninstall.py", line 105, in run
    uninstall_pathset = req.uninstall(
                        ^^^^^^^^^^^^^^
  File "/home/anthony/.local/lib/python3.12/site-packages/pip/_internal/req/req_install.py", line 726, in uninstall
    uninstalled_pathset.remove(auto_confirm, verbose)
  File "/home/anthony/.local/lib/python3.12/site-packages/pip/_internal/req/req_uninstall.py", line 373, in remove
    moved.stash(path)
  File "/home/anthony/.local/lib/python3.12/site-packages/pip/_internal/req/req_uninstall.py", line 264, in stash
    renames(path, new_path)
  File "/home/anthony/.local/lib/python3.12/site-packages/pip/_internal/utils/misc.py", line 342, in renames
    shutil.move(old, new)
  File "/usr/lib/python3.12/shutil.py", line 904, in move
    rmtree(src)
  File "/usr/lib/python3.12/shutil.py", line 785, in rmtree
    _rmtree_safe_fd(fd, path, onexc)
  File "/usr/lib/python3.12/shutil.py", line 717, in _rmtree_safe_fd
    onexc(os.unlink, fullname, err)
  File "/usr/lib/python3.12/shutil.py", line 715, in _rmtree_safe_fd
    os.unlink(entry.name, dir_fd=topfd)
PermissionError: [Errno 13] Permission denied: 'requires.txt' âŒ OpenAirğŸª¿ conditional console print  ğŸ§© {'version': '20251226.000000.1'}
1767312127.878482âš ï¸ Pip uninstall for pyserial failed due to permission/system package management. Proceeding with install. Error: ERROR: Exception:
Traceback (most recent call last):
  File "/usr/lib/python3.12/shutil.py", line 886, in move
    os.rename(src, real_dst)
PermissionError: [Errno 13] Permission denied: '/usr/lib/python3/dist-packages/pyserial-3.5.egg-info' -> '/tmp/pip-uninstall-v84sun5u'

During handling of the above exception, another exception occurred:

Traceback (most recent call last):
  File "/home/anthony/.local/lib/python3.12/site-packages/pip/_internal/cli/base_command.py", line 107, in _run_wrapper
    status = _inner_run()
             ^^^^^^^^^^^^
  File "/home/anthony/.local/lib/python3.12/site-packages/pip/_internal/cli/base_command.py", line 98, in _inner_run
    return self.run(options, args)
           ^^^^^^^^^^^^^^^^^^^^^^^
  File "/home/anthony/.local/lib/python3.12/site-packages/pip/_internal/commands/uninstall.py", line 105, in run
    uninstall_pathset = req.uninstall(
                        ^^^^^^^^^^^^^^
  File "/home/anthony/.local/lib/python3.12/site-packages/pip/_internal/req/req_install.py", line 726, in uninstall
    uninstalled_pathset.remove(auto_confirm, verbose)
  File "/home/anthony/.local/lib/python3.12/site-packages/pip/_internal/req/req_uninstall.py", line 373, in remove
    moved.stash(path)
  File "/home/anthony/.local/lib/python3.12/site-packages/pip/_internal/req/req_uninstall.py", line 264, in stash
    renames(path, new_path)
  File "/home/anthony/.local/lib/python3.12/site-packages/pip/_internal/utils/misc.py", line 342, in renames
    shutil.move(old, new)
  File "/usr/lib/python3.12/shutil.py", line 904, in move
    rmtree(src)
  File "/usr/lib/python3.12/shutil.py", line 785, in rmtree
    _rmtree_safe_fd(fd, path, onexc)
  File "/usr/lib/python3.12/shutil.py", line 717, in _rmtree_safe_fd
    onexc(os.unlink, fullname, err)
  File "/usr/lib/python3.12/shutil.py", line 715, in _rmtree_safe_fd
    os.unlink(entry.name, dir_fd=topfd)
PermissionError: [Errno 13] Permission denied: 'requires.txt' âŒ OpenAirğŸª¿ conditional console print  ğŸ§© {'version': '20251226.000000.1'}
1767312141.930978âŒ Error decoding grouped inventory JSON from /home/anthony/Documents/OPEN-AIR/DATA/VISA_FLEET.json: Expecting value: line 1 column 1 (char 0) âŒ manager visa json builderğŸª¿ load grouped inventory from json  ğŸ§© {'version': 'Unknown_Ver', 'level': 'ERROR'}
1767312141.954244âŒ Error decoding grouped inventory JSON from /home/anthony/Documents/OPEN-AIR/DATA/VISA_FLEET.json: Expecting value: line 1 column 1 (char 0) âŒ manager visa json builderğŸª¿ load grouped inventory from json  ğŸ§© {'version': 'Unknown_Ver', 'level': 'ERROR'}
1767312141.954367âŒ Error decoding grouped inventory JSON from /home/anthony/Documents/OPEN-AIR/DATA/VISA_FLEET.json: Expecting value: line 1 column 1 (char 0) âŒ manager visa json builderğŸª¿ load grouped inventory from json  ğŸ§© {'version': 'Unknown_Ver', 'level': 'ERROR'}
1767312141.960650âŒ Error decoding grouped inventory JSON from /home/anthony/Documents/OPEN-AIR/DATA/VISA_FLEET.json: Expecting value: line 1 column 1 (char 0) âŒ manager visa json builderğŸª¿ load grouped inventory from json  ğŸ§© {'version': 'Unknown_Ver', 'level': 'ERROR'}
1767312142.999576ğŸ’³ âŒ FleetSupervisor: VISA IO Error connecting to 111-7-23 (TCPIP::44.44.44.111::gpib7,23::INSTR): VI_ERROR_RSRC_NFOUND (-1073807343): Insufficient location information or the requested device or resource is not present in the system. âŒ manager visa supervisorğŸª¿  connect and setup device  ğŸ§© {'version': 'Unknown_Ver', 'level': 'ERROR'}
1767312143.003986ğŸ’³ âŒ FleetSupervisor: VISA IO Error connecting to 111-7-30_4 (TCPIP::44.44.44.111::gpib7,30,4::INSTR): VI_ERROR_RSRC_NFOUND (-1073807343): Insufficient location information or the requested device or resource is not present in the system. âŒ manager visa supervisorğŸª¿  connect and setup device  ğŸ§© {'version': 'Unknown_Ver', 'level': 'ERROR'}
1767312143.002388ğŸ’³ âŒ FleetSupervisor: VISA IO Error connecting to 111-7-30_3 (TCPIP::44.44.44.111::gpib7,30,3::INSTR): VI_ERROR_RSRC_NFOUND (-1073807343): Insufficient location information or the requested device or resource is not present in the system. âŒ manager visa supervisorğŸª¿  connect and setup device  ğŸ§© {'version': 'Unknown_Ver', 'level': 'ERROR'}
1767312191.492189âŒ Error in _on_tab_change: workers.logger.logger.debug_logger() got multiple values for keyword argument 'function' âŒ gui displayğŸª¿  on tab change  ğŸ§© {'version': 'Unknown_Ver'}
1767312192.824254âŒ The magic falters! Error instantiating class 'MarkerImporterTab': MarkerImporterTab.__init__() takes from 1 to 3 positional arguments but 4 were given. âŒ module loaderğŸª¿ instantiate gui class  ğŸ§© {'version': '20251229.1755.1'}
1767312192.824289âŒ Failed to instantiate GUI from file: /home/anthony/Documents/OPEN-AIR/display/left_50/top_100/0_spectrum/3_Markers/3_Importers/gui_importer.py âŒ gui displayğŸª¿  build from directory  ğŸ§© {'version': 'Unknown_Ver'}
1767312193.413312âŒ The magic falters! Error instantiating class 'MarkerPeakHunterGUI': CsvExportUtility.__init__() missing 1 required positional argument: 'print_to_gui_func'. âŒ module loaderğŸª¿ instantiate gui class  ğŸ§© {'version': '20251229.1755.1'}
1767312193.413352âŒ Failed to instantiate GUI from file: /home/anthony/Documents/OPEN-AIR/display/left_50/top_100/0_spectrum/3_Markers/2_Peak_Hunter/gui_peak_hunter.py âŒ gui displayğŸª¿  build from directory  ğŸ§© {'version': 'Unknown_Ver'}
1767312194.043314âŒğŸ”´  The wrapper has failed to contain the builder! The Blueprint is missing! Cannot find JSON at: /home/anthony/Documents/OPEN-AIR/display/left_50/top_100/0_spectrum/5_Sweeping/2_Sweeping_Configuration/gui_sweeping_configuration.json

ğŸ•µï¸ FORENSIC TRACE:
Traceback (most recent call last):
  File "/home/anthony/Documents/OPEN-AIR/display/left_50/top_100/0_spectrum/5_Sweeping/2_Sweeping_Configuration/gui_sweeping_configuration.py", line 125, in _construct_dynamic_gui
    raise FileNotFoundError(f"The Blueprint is missing! Cannot find JSON at: {self.json_path}")
FileNotFoundError: The Blueprint is missing! Cannot find JSON at: /home/anthony/Documents/OPEN-AIR/display/left_50/top_100/0_spectrum/5_Sweeping/2_Sweeping_Configuration/gui_sweeping_configuration.json
 âŒ gui sweeping configurationğŸª¿  construct dynamic gui  ğŸ§© {'version': '20251229.1715.1'}
1767312194.619714âŒğŸ”´  The wrapper has failed to contain the builder! The Blueprint is missing! Cannot find JSON at: /home/anthony/Documents/OPEN-AIR/display/left_50/top_100/0_spectrum/6_plotting/1_Single/gui_single.json

ğŸ•µï¸ FORENSIC TRACE:
Traceback (most recent call last):
  File "/home/anthony/Documents/OPEN-AIR/display/left_50/top_100/0_spectrum/6_plotting/1_Single/gui_single.py", line 125, in _construct_dynamic_gui
    raise FileNotFoundError(f"The Blueprint is missing! Cannot find JSON at: {self.json_path}")
FileNotFoundError: The Blueprint is missing! Cannot find JSON at: /home/anthony/Documents/OPEN-AIR/display/left_50/top_100/0_spectrum/6_plotting/1_Single/gui_single.json
 âŒ gui singleğŸª¿  construct dynamic gui  ğŸ§© {'version': '20251229.1715.1'}
1767312248.029697ğŸ”¬âš¡ï¸ Entering '_create_value_box' to brew a value box for 'ERROR'. âŒ dynamic gui create value boxğŸª¿  create value box  ğŸ§© {'version': '20251213.120000.44'}
1767312248.030014ğŸ“ Topic 'OPEN-AIR/spectrum/yak/n9340b/system/Get/Get_error_information/Outputs/ERROR' added to pending subscriptions. âŒ mqtt subscriber routerğŸª¿ subscribe to topic  ğŸ§© {'version': 'Unknown_Ver'}
1767312248.030060ğŸ§  No cached state for Get/Get_error_information/Outputs/ERROR. Broadcasting initial state. âŒ state mirror engineğŸª¿ initialize widget state  ğŸ§© {'version': '20251225.004500.1'}
1767312248.030163ğŸ“¤ Published to OPEN-AIR/spectrum/yak/n9340b/system/Get/Get_error_information/Outputs/ERROR: b'{"val":"The number of errors in the queue.","ts":1767312248.0300844,"GUID":"00418f6c-4932-4847-b32b-c2c051ab4a0b","static_config_value":"The number of errors in the queue.","type":"_Value"}' âŒ mqtt publisher serviceğŸª¿ publish payload  ğŸ§© {'version': 'Unknown_Ver'}
1767312248.030277ğŸŒ€ A temporal flux has been detected! Topic: OPEN-AIR/spectrum/yak/n9340b/system/Get/Get_error_information/Outputs/ERROR âŒ state cache managerğŸª¿ handle incoming mqtt  ğŸ§© {'version': '20251230.230400.1'}
1767312248.030436âœ… SUCCESS! The value box 'ERROR' has been perfectly crafted! âŒ dynamic gui create value boxğŸª¿  create value box  ğŸ§© {'version': '20251213.120000.44'}
1767312248.030514tt! A new event is rippling through the timeline! Topic: OPEN-AIR/spectrum/yak/n9340b/system/Get/Get_error_information/Outputs/ERROR âŒ cache traffic controllerğŸª¿ process traffic  ğŸ§© {'version': '20251230.230300.1'}
1767312248.030606âš–ï¸ Comparing timelines for topic: OPEN-AIR/spectrum/yak/n9340b/system/Get/Get_error_information/Outputs/ERROR âŒ state comparatorğŸª¿ should update  ğŸ§© {'version': '20251230.230100.1'}
1767312248.030670âš“ A change in the timeline! This is heavy. Topic: OPEN-AIR/spectrum/yak/n9340b/system/Get/Get_error_information/Outputs/ERROR âŒ cache traffic controllerğŸª¿ process traffic  ğŸ§© {'version': '20251230.230300.1'}
1767312248.031113ğŸ“¨ MQTT Message Received: Topic='OPEN-AIR/spectrum/yak/n9340b/system/Get/Get_error_information/Outputs/ERROR', Payload='b'{"val":"The number of errors in the queue.","ts":1767312248.0300844,"GUID":"00418f6c-4932-4847-b32b-c2c051ab4a0b","static_config_value":"The number of errors in the queue.","type":"_Value"}'' âŒ mqtt subscriber routerğŸª¿  on message  ğŸ§© {'version': 'Unknown_Ver'}
1767312248.031624ğŸ“¥ MQTT Message Received: Topic='OPEN-AIR/spectrum/yak/n9340b/system/Get/Get_error_information/Outputs/ERROR', Payload='{"val":"The number of errors in the queue.","ts":1767312248.0300844,"GUID":"00418f6c-4932-4847-b32b-c2c051ab4a0b","static_config_value":"The number of errors in the queue.","type":"_Value"}' âŒ state mirror engineğŸª¿ sync incoming mqtt to gui  ğŸ§© {'version': '20251225.004500.1'}
1767312264.726089ğŸ”„ Replaying event from the past: Topic='OPEN-AIR/spectrum/yak/n9340b/system/Get/Get_error_information/Outputs/ERROR' âŒ gui state restorerğŸª¿ restore timeline  ğŸ§© {'version': '20251230.230200.1'}
1767312264.726129ğŸ“¥ MQTT Message Received: Topic='OPEN-AIR/spectrum/yak/n9340b/system/Get/Get_error_information/Outputs/ERROR', Payload='{'val': 'The number of errors in the queue.', 'ts': 1767312248.0300844, 'GUID': '00418f6c-4932-4847-b32b-c2c051ab4a0b', 'static_config_value': 'The number of errors in the queue.', 'type': '_Value'}' âŒ state mirror engineğŸª¿ sync incoming mqtt to gui  ğŸ§© {'version': '20251225.004500.1'}
1767312264.820871ğŸŒ€ A temporal flux has been detected! Topic: OPEN-AIR/spectrum/yak/n9340b/system/Get/Get_error_information/Outputs/ERROR âŒ state cache managerğŸª¿ handle incoming mqtt  ğŸ§© {'version': '20251230.230400.1'}
1767312264.820901tt! A new event is rippling through the timeline! Topic: OPEN-AIR/spectrum/yak/n9340b/system/Get/Get_error_information/Outputs/ERROR âŒ cache traffic controllerğŸª¿ process traffic  ğŸ§© {'version': '20251230.230300.1'}
1767312264.820935âš–ï¸ Comparing timelines for topic: OPEN-AIR/spectrum/yak/n9340b/system/Get/Get_error_information/Outputs/ERROR âŒ state comparatorğŸª¿ should update  ğŸ§© {'version': '20251230.230100.1'}
1767312264.821019ğŸ“¨ MQTT Message Received: Topic='OPEN-AIR/spectrum/yak/n9340b/system/Get/Get_error_information/Outputs/ERROR', Payload='b'{"val":"The number of errors in the queue.","ts":1767312248.0300844,"GUID":"00418f6c-4932-4847-b32b-c2c051ab4a0b","static_config_value":"The number of errors in the queue.","type":"_Value"}'' âŒ mqtt subscriber routerğŸª¿  on message  ğŸ§© {'version': 'Unknown_Ver'}
1767312278.259729ğŸ’³ âŒ FleetSupervisor: Unexpected error connecting to 111-7-13 (TCPIP::44.44.44.111::gpib7,13::INSTR): error creating link: 3 âŒ manager visa supervisorğŸª¿  connect and setup device  ğŸ§© {'version': 'Unknown_Ver', 'level': 'ERROR'}
1767312278.260935ğŸ’³ âŒ FleetSupervisor: Unexpected error connecting to 111-7-23 (TCPIP::44.44.44.111::gpib7,23::INSTR): error creating link: 3 âŒ manager visa supervisorğŸª¿  connect and setup device  ğŸ§© {'version': 'Unknown_Ver', 'level': 'ERROR'}
1767312278.264080ğŸ’³ âŒ FleetSupervisor: Unexpected error connecting to 111-7-30_0 (TCPIP::44.44.44.111::gpib7,30,0::INSTR): error creating link: 3 âŒ manager visa supervisorğŸª¿  connect and setup device  ğŸ§© {'version': 'Unknown_Ver', 'level': 'ERROR'}
1767312278.267939ğŸ’³ âŒ FleetSupervisor: Unexpected error connecting to 111-7-30_3 (TCPIP::44.44.44.111::gpib7,30,3::INSTR): error creating link: 3 âŒ manager visa supervisorğŸª¿  connect and setup device  ğŸ§© {'version': 'Unknown_Ver', 'level': 'ERROR'}
1767312278.270728ğŸ’³ âŒ FleetSupervisor: Unexpected error connecting to 111-7-30_6 (TCPIP::44.44.44.111::gpib7,30,6::INSTR): error creating link: 3 âŒ manager visa supervisorğŸª¿  connect and setup device  ğŸ§© {'version': 'Unknown_Ver', 'level': 'ERROR'}
1767312278.270822ğŸ’³ âŒ FleetSupervisor: Unexpected error connecting to 111-7-30_4 (TCPIP::44.44.44.111::gpib7,30,4::INSTR): error creating link: 3 âŒ manager visa supervisorğŸª¿  connect and setup device  ğŸ§© {'version': 'Unknown_Ver', 'level': 'ERROR'}
1767312278.275730ğŸ’³ âŒ FleetSupervisor: Unexpected error connecting to 111-7-30_7 (TCPIP::44.44.44.111::gpib7,30,7::INSTR): error creating link: 3 âŒ manager visa supervisorğŸª¿  connect and setup device  ğŸ§© {'version': 'Unknown_Ver', 'level': 'ERROR'}
1767312279.303183ğŸ’³ âŒ FleetSupervisor: Unexpected error connecting to 111-7-30_2 (TCPIP::44.44.44.111::gpib7,30,2::INSTR): error creating link: 3 âŒ manager visa supervisorğŸª¿  connect and setup device  ğŸ§© {'version': 'Unknown_Ver', 'level': 'ERROR'}
1767312279.306077ğŸ’³ âŒ FleetSupervisor: Unexpected error connecting to 111-7-30_1 (TCPIP::44.44.44.111::gpib7,30,1::INSTR): error creating link: 3 âŒ manager visa supervisorğŸª¿  connect and setup device  ğŸ§© {'version': 'Unknown_Ver', 'level': 'ERROR'}
1767312279.308816ğŸ’³ âŒ FleetSupervisor: Unexpected error connecting to 111-7-22 (TCPIP::44.44.44.111::gpib7,22::INSTR): error creating link: 3 âŒ manager visa supervisorğŸª¿  connect and setup device  ğŸ§© {'version': 'Unknown_Ver', 'level': 'ERROR'}
1767312279.310905ğŸ’³ âŒ FleetSupervisor: Unexpected error connecting to 111-7-30_5 (TCPIP::44.44.44.111::gpib7,30,5::INSTR): error creating link: 3 âŒ manager visa supervisorğŸª¿  connect and setup device  ğŸ§© {'version': 'Unknown_Ver', 'level': 'ERROR'}
1767312417.893038âŒğŸ”´  The wrapper has failed to contain the builder! The Blueprint is missing! Cannot find JSON at: /home/anthony/Documents/OPEN-AIR/display/left_50/top_100/9_distortion/1_Instrument/gui_dc_load.json

ğŸ•µï¸ FORENSIC TRACE:
Traceback (most recent call last):
  File "/home/anthony/Documents/OPEN-AIR/display/left_50/top_100/9_distortion/1_Instrument/gui_dc_load.py", line 125, in _construct_dynamic_gui
    raise FileNotFoundError(f"The Blueprint is missing! Cannot find JSON at: {self.json_path}")
FileNotFoundError: The Blueprint is missing! Cannot find JSON at: /home/anthony/Documents/OPEN-AIR/display/left_50/top_100/9_distortion/1_Instrument/gui_dc_load.json
 âŒ gui dc loadğŸª¿  construct dynamic gui  ğŸ§© {'version': '20251229.1715.1'}
1767312486.657313âŒ The fader for 'Standard Fader' has gone off the rails! Error: unknown option "-width" âŒ dynamic gui create faderğŸª¿  create fader  ğŸ§© {'version': '20251225'}
1767312522.785962ğŸ”„ Replaying event from the past: Topic='OPEN-AIR/spectrum/yak/n9340b/system/Get/Get_error_information/Outputs/ERROR' âŒ gui state restorerğŸª¿ restore timeline  ğŸ§© {'version': '20251230.230200.1'}
1767312522.785991ğŸ“¥ MQTT Message Received: Topic='OPEN-AIR/spectrum/yak/n9340b/system/Get/Get_error_information/Outputs/ERROR', Payload='{'val': 'The number of errors in the queue.', 'ts': 1767312248.0300844, 'GUID': '00418f6c-4932-4847-b32b-c2c051ab4a0b', 'static_config_value': 'The number of errors in the queue.', 'type': '_Value'}' âŒ state mirror engineğŸª¿ sync incoming mqtt to gui  ğŸ§© {'version': '20251225.004500.1'}
1767312522.949170ğŸŒ€ A temporal flux has been detected! Topic: OPEN-AIR/spectrum/yak/n9340b/system/Get/Get_error_information/Outputs/ERROR âŒ state cache managerğŸª¿ handle incoming mqtt  ğŸ§© {'version': '20251230.230400.1'}
1767312522.949191tt! A new event is rippling through the timeline! Topic: OPEN-AIR/spectrum/yak/n9340b/system/Get/Get_error_information/Outputs/ERROR âŒ cache traffic controllerğŸª¿ process traffic  ğŸ§© {'version': '20251230.230300.1'}
1767312522.949222âš–ï¸ Comparing timelines for topic: OPEN-AIR/spectrum/yak/n9340b/system/Get/Get_error_information/Outputs/ERROR âŒ state comparatorğŸª¿ should update  ğŸ§© {'version': '20251230.230100.1'}
1767312522.949296ğŸ“¨ MQTT Message Received: Topic='OPEN-AIR/spectrum/yak/n9340b/system/Get/Get_error_information/Outputs/ERROR', Payload='b'{"val":"The number of errors in the queue.","ts":1767312248.0300844,"GUID":"00418f6c-4932-4847-b32b-c2c051ab4a0b","static_config_value":"The number of errors in the queue.","type":"_Value"}'' âŒ mqtt subscriber routerğŸª¿  on message  ğŸ§© {'version': 'Unknown_Ver'}
1767312531.449483âŒ Error decoding grouped inventory JSON from /home/anthony/Documents/OPEN-AIR/DATA/VISA_FLEET.json: Extra data: line 250 column 4 (char 10528) âŒ manager visa json builderğŸª¿ load grouped inventory from json  ğŸ§© {'version': 'Unknown_Ver', 'level': 'ERROR'}
1767312531.449427âŒ Error decoding grouped inventory JSON from /home/anthony/Documents/OPEN-AIR/DATA/VISA_FLEET.json: Extra data: line 250 column 4 (char 10528) âŒ manager visa json builderğŸª¿ load grouped inventory from json  ğŸ§© {'version': 'Unknown_Ver', 'level': 'ERROR'}
1767312531.449664âŒ Error decoding grouped inventory JSON from /home/anthony/Documents/OPEN-AIR/DATA/VISA_FLEET.json: Extra data: line 250 column 4 (char 10528) âŒ manager visa json builderğŸª¿ load grouped inventory from json  ğŸ§© {'version': 'Unknown_Ver', 'level': 'ERROR'}
1767312531.487448âŒ Error decoding grouped inventory JSON from /home/anthony/Documents/OPEN-AIR/DATA/VISA_FLEET.json: Expecting value: line 1 column 1 (char 0) âŒ manager visa json builderğŸª¿ load grouped inventory from json  ğŸ§© {'version': 'Unknown_Ver', 'level': 'ERROR'}
1767312532.530012ğŸ’³ âŒ FleetSupervisor: VISA IO Error connecting to 111-7-30_6 (TCPIP::44.44.44.111::gpib7,30,6::INSTR): VI_ERROR_RSRC_NFOUND (-1073807343): Insufficient location information or the requested device or resource is not present in the system. âŒ manager visa supervisorğŸª¿  connect and setup device  ğŸ§© {'version': 'Unknown_Ver', 'level': 'ERROR'}
1767312607.405108ğŸ”„ Replaying event from the past: Topic='OPEN-AIR/spectrum/yak/n9340b/system/Get/Get_error_information/Outputs/ERROR' âŒ gui state restorerğŸª¿ restore timeline  ğŸ§© {'version': '20251230.230200.1'}
1767312607.405149ğŸ“¥ MQTT Message Received: Topic='OPEN-AIR/spectrum/yak/n9340b/system/Get/Get_error_information/Outputs/ERROR', Payload='{'val': 'The number of errors in the queue.', 'ts': 1767312248.0300844, 'GUID': '00418f6c-4932-4847-b32b-c2c051ab4a0b', 'static_config_value': 'The number of errors in the queue.', 'type': '_Value'}' âŒ state mirror engineğŸª¿ sync incoming mqtt to gui  ğŸ§© {'version': '20251225.004500.1'}
1767312607.606173ğŸŒ€ A temporal flux has been detected! Topic: OPEN-AIR/spectrum/yak/n9340b/system/Get/Get_error_information/Outputs/ERROR âŒ state cache managerğŸª¿ handle incoming mqtt  ğŸ§© {'version': '20251230.230400.1'}
1767312607.606276tt! A new event is rippling through the timeline! Topic: OPEN-AIR/spectrum/yak/n9340b/system/Get/Get_error_information/Outputs/ERROR âŒ cache traffic controllerğŸª¿ process traffic  ğŸ§© {'version': '20251230.230300.1'}
1767312607.606341âš–ï¸ Comparing timelines for topic: OPEN-AIR/spectrum/yak/n9340b/system/Get/Get_error_information/Outputs/ERROR âŒ state comparatorğŸª¿ should update  ğŸ§© {'version': '20251230.230100.1'}
1767312607.606473ğŸ“¨ MQTT Message Received: Topic='OPEN-AIR/spectrum/yak/n9340b/system/Get/Get_error_information/Outputs/ERROR', Payload='b'{"val":"The number of errors in the queue.","ts":1767312248.0300844,"GUID":"00418f6c-4932-4847-b32b-c2c051ab4a0b","static_config_value":"The number of errors in the queue.","type":"_Value"}'' âŒ mqtt subscriber routerğŸª¿  on message  ğŸ§© {'version': 'Unknown_Ver'}
1767312614.902773âŒ Error decoding grouped inventory JSON from /home/anthony/Documents/OPEN-AIR/DATA/VISA_FLEET.json: Extra data: line 220 column 6 (char 8807) âŒ manager visa json builderğŸª¿ load grouped inventory from json  ğŸ§© {'version': 'Unknown_Ver', 'level': 'ERROR'}
1767312614.904656âŒ Error decoding grouped inventory JSON from /home/anthony/Documents/OPEN-AIR/DATA/VISA_FLEET.json: Expecting value: line 1 column 1 (char 0) âŒ manager visa json builderğŸª¿ load grouped inventory from json  ğŸ§© {'version': 'Unknown_Ver', 'level': 'ERROR'}
1767312614.954127âŒ Error decoding grouped inventory JSON from /home/anthony/Documents/OPEN-AIR/DATA/VISA_FLEET.json: Expecting property name enclosed in double quotes: line 400 column 17 (char 16372) âŒ manager visa json builderğŸª¿ load grouped inventory from json  ğŸ§© {'version': 'Unknown_Ver', 'level': 'ERROR'}
1767312626.313952ğŸ”„ Replaying event from the past: Topic='OPEN-AIR/spectrum/yak/n9340b/system/Get/Get_error_information/Outputs/ERROR' âŒ gui state restorerğŸª¿ restore timeline  ğŸ§© {'version': '20251230.230200.1'}
1767312626.313980ğŸ“¥ MQTT Message Received: Topic='OPEN-AIR/spectrum/yak/n9340b/system/Get/Get_error_information/Outputs/ERROR', Payload='{'val': 'The number of errors in the queue.', 'ts': 1767312248.0300844, 'GUID': '00418f6c-4932-4847-b32b-c2c051ab4a0b', 'static_config_value': 'The number of errors in the queue.', 'type': '_Value'}' âŒ state mirror engineğŸª¿ sync incoming mqtt to gui  ğŸ§© {'version': '20251225.004500.1'}
1767312626.468929ğŸŒ€ A temporal flux has been detected! Topic: OPEN-AIR/spectrum/yak/n9340b/system/Get/Get_error_information/Outputs/ERROR âŒ state cache managerğŸª¿ handle incoming mqtt  ğŸ§© {'version': '20251230.230400.1'}
1767312626.468954tt! A new event is rippling through the timeline! Topic: OPEN-AIR/spectrum/yak/n9340b/system/Get/Get_error_information/Outputs/ERROR âŒ cache traffic controllerğŸª¿ process traffic  ğŸ§© {'version': '20251230.230300.1'}
1767312626.468998âš–ï¸ Comparing timelines for topic: OPEN-AIR/spectrum/yak/n9340b/system/Get/Get_error_information/Outputs/ERROR âŒ state comparatorğŸª¿ should update  ğŸ§© {'version': '20251230.230100.1'}
1767312626.469101ğŸ“¨ MQTT Message Received: Topic='OPEN-AIR/spectrum/yak/n9340b/system/Get/Get_error_information/Outputs/ERROR', Payload='b'{"val":"The number of errors in the queue.","ts":1767312248.0300844,"GUID":"00418f6c-4932-4847-b32b-c2c051ab4a0b","static_config_value":"The number of errors in the queue.","type":"_Value"}'' âŒ mqtt subscriber routerğŸª¿  on message  ğŸ§© {'version': 'Unknown_Ver'}
1767312635.010949âŒ Error decoding grouped inventory JSON from /home/anthony/Documents/OPEN-AIR/DATA/VISA_FLEET.json: Expecting value: line 1 column 1 (char 0) âŒ manager visa json builderğŸª¿ load grouped inventory from json  ğŸ§© {'version': 'Unknown_Ver', 'level': 'ERROR'}
1767312635.025177âŒ Error decoding grouped inventory JSON from /home/anthony/Documents/OPEN-AIR/DATA/VISA_FLEET.json: Expecting value: line 1 column 1 (char 0) âŒ manager visa json builderğŸª¿ load grouped inventory from json  ğŸ§© {'version': 'Unknown_Ver', 'level': 'ERROR'}
1767312635.070532âŒ Error decoding grouped inventory JSON from /home/anthony/Documents/OPEN-AIR/DATA/VISA_FLEET.json: Expecting ':' delimiter: line 400 column 18 (char 16373) âŒ manager visa json builderğŸª¿ load grouped inventory from json  ğŸ§© {'version': 'Unknown_Ver', 'level': 'ERROR'}
1767312635.072018âŒ Error decoding grouped inventory JSON from /home/anthony/Documents/OPEN-AIR/DATA/VISA_FLEET.json: Expecting ',' delimiter: line 198 column 73 (char 8180) âŒ manager visa json builderğŸª¿ load grouped inventory from json  ğŸ§© {'version': 'Unknown_Ver', 'level': 'ERROR'}
1767312635.071890âŒ Error decoding grouped inventory JSON from /home/anthony/Documents/OPEN-AIR/DATA/VISA_FLEET.json: Expecting value: line 1 column 1 (char 0) âŒ manager visa json builderğŸª¿ load grouped inventory from json  ğŸ§© {'version': 'Unknown_Ver', 'level': 'ERROR'}
1767312635.073549âŒ Error decoding grouped inventory JSON from /home/anthony/Documents/OPEN-AIR/DATA/VISA_FLEET.json: Expecting value: line 1 column 1 (char 0) âŒ manager visa json builderğŸª¿ load grouped inventory from json  ğŸ§© {'version': 'Unknown_Ver', 'level': 'ERROR'}
1767312635.080752âŒ Error decoding grouped inventory JSON from /home/anthony/Documents/OPEN-AIR/DATA/VISA_FLEET.json: Expecting value: line 1 column 1 (char 0) âŒ manager visa json builderğŸª¿ load grouped inventory from json  ğŸ§© {'version': 'Unknown_Ver', 'level': 'ERROR'}
1767312635.082356âŒ Error decoding grouped inventory JSON from /home/anthony/Documents/OPEN-AIR/DATA/VISA_FLEET.json: Expecting value: line 1 column 1 (char 0) âŒ manager visa json builderğŸª¿ load grouped inventory from json  ğŸ§© {'version': 'Unknown_Ver', 'level': 'ERROR'}
1767312669.075136ğŸ”„ Replaying event from the past: Topic='OPEN-AIR/spectrum/yak/n9340b/system/Get/Get_error_information/Outputs/ERROR' âŒ gui state restorerğŸª¿ restore timeline  ğŸ§© {'version': '20251230.230200.1'}
1767312669.075166ğŸ“¥ MQTT Message Received: Topic='OPEN-AIR/spectrum/yak/n9340b/system/Get/Get_error_information/Outputs/ERROR', Payload='{'val': 'The number of errors in the queue.', 'ts': 1767312248.0300844, 'GUID': '00418f6c-4932-4847-b32b-c2c051ab4a0b', 'static_config_value': 'The number of errors in the queue.', 'type': '_Value'}' âŒ state mirror engineğŸª¿ sync incoming mqtt to gui  ğŸ§© {'version': '20251225.004500.1'}
1767312669.280416ğŸŒ€ A temporal flux has been detected! Topic: OPEN-AIR/spectrum/yak/n9340b/system/Get/Get_error_information/Outputs/ERROR âŒ state cache managerğŸª¿ handle incoming mqtt  ğŸ§© {'version': '20251230.230400.1'}
1767312669.280441tt! A new event is rippling through the timeline! Topic: OPEN-AIR/spectrum/yak/n9340b/system/Get/Get_error_information/Outputs/ERROR âŒ cache traffic controllerğŸª¿ process traffic  ğŸ§© {'version': '20251230.230300.1'}
1767312669.280472âš–ï¸ Comparing timelines for topic: OPEN-AIR/spectrum/yak/n9340b/system/Get/Get_error_information/Outputs/ERROR âŒ state comparatorğŸª¿ should update  ğŸ§© {'version': '20251230.230100.1'}
1767312669.280545ğŸ“¨ MQTT Message Received: Topic='OPEN-AIR/spectrum/yak/n9340b/system/Get/Get_error_information/Outputs/ERROR', Payload='b'{"val":"The number of errors in the queue.","ts":1767312248.0300844,"GUID":"00418f6c-4932-4847-b32b-c2c051ab4a0b","static_config_value":"The number of errors in the queue.","type":"_Value"}'' âŒ mqtt subscriber routerğŸª¿  on message  ğŸ§© {'version': 'Unknown_Ver'}
1767312677.702602âŒ Error decoding grouped inventory JSON from /home/anthony/Documents/OPEN-AIR/DATA/VISA_FLEET.json: Expecting value: line 207 column 31 (char 8183) âŒ manager visa json builderğŸª¿ load grouped inventory from json  ğŸ§© {'version': 'Unknown_Ver', 'level': 'ERROR'}
1767312677.731395âŒ Error decoding grouped inventory JSON from /home/anthony/Documents/OPEN-AIR/DATA/VISA_FLEET.json: Expecting value: line 1 column 1 (char 0) âŒ manager visa json builderğŸª¿ load grouped inventory from json  ğŸ§© {'version': 'Unknown_Ver', 'level': 'ERROR'}
1767312677.739237âŒ Error decoding grouped inventory JSON from /home/anthony/Documents/OPEN-AIR/DATA/VISA_FLEET.json: Expecting value: line 1 column 1 (char 0) âŒ manager visa json builderğŸª¿ load grouped inventory from json  ğŸ§© {'version': 'Unknown_Ver', 'level': 'ERROR'}
1767312696.412219ğŸ”„ Replaying event from the past: Topic='OPEN-AIR/spectrum/yak/n9340b/system/Get/Get_error_information/Outputs/ERROR' âŒ gui state restorerğŸª¿ restore timeline  ğŸ§© {'version': '20251230.230200.1'}
1767312696.412247ğŸ“¥ MQTT Message Received: Topic='OPEN-AIR/spectrum/yak/n9340b/system/Get/Get_error_information/Outputs/ERROR', Payload='{'val': 'The number of errors in the queue.', 'ts': 1767312248.0300844, 'GUID': '00418f6c-4932-4847-b32b-c2c051ab4a0b', 'static_config_value': 'The number of errors in the queue.', 'type': '_Value'}' âŒ state mirror engineğŸª¿ sync incoming mqtt to gui  ğŸ§© {'version': '20251225.004500.1'}
1767312696.609086ğŸŒ€ A temporal flux has been detected! Topic: OPEN-AIR/spectrum/yak/n9340b/system/Get/Get_error_information/Outputs/ERROR âŒ state cache managerğŸª¿ handle incoming mqtt  ğŸ§© {'version': '20251230.230400.1'}
1767312696.609112tt! A new event is rippling through the timeline! Topic: OPEN-AIR/spectrum/yak/n9340b/system/Get/Get_error_information/Outputs/ERROR âŒ cache traffic controllerğŸª¿ process traffic  ğŸ§© {'version': '20251230.230300.1'}
1767312696.609143âš–ï¸ Comparing timelines for topic: OPEN-AIR/spectrum/yak/n9340b/system/Get/Get_error_information/Outputs/ERROR âŒ state comparatorğŸª¿ should update  ğŸ§© {'version': '20251230.230100.1'}
1767312696.609219ğŸ“¨ MQTT Message Received: Topic='OPEN-AIR/spectrum/yak/n9340b/system/Get/Get_error_information/Outputs/ERROR', Payload='b'{"val":"The number of errors in the queue.","ts":1767312248.0300844,"GUID":"00418f6c-4932-4847-b32b-c2c051ab4a0b","static_config_value":"The number of errors in the queue.","type":"_Value"}'' âŒ mqtt subscriber routerğŸª¿  on message  ğŸ§© {'version': 'Unknown_Ver'}
1767312705.164539âŒ Error decoding grouped inventory JSON from /home/anthony/Documents/OPEN-AIR/DATA/VISA_FLEET.json: Expecting value: line 1 column 1 (char 0) âŒ manager visa json builderğŸª¿ load grouped inventory from json  ğŸ§© {'version': 'Unknown_Ver', 'level': 'ERROR'}
1767312705.167536âŒ Error decoding grouped inventory JSON from /home/anthony/Documents/OPEN-AIR/DATA/VISA_FLEET.json: Expecting value: line 207 column 31 (char 8189) âŒ manager visa json builderğŸª¿ load grouped inventory from json  ğŸ§© {'version': 'Unknown_Ver', 'level': 'ERROR'}
1767312705.166385âŒ Error decoding grouped inventory JSON from /home/anthony/Documents/OPEN-AIR/DATA/VISA_FLEET.json: Expecting value: line 207 column 31 (char 8189) âŒ manager visa json builderğŸª¿ load grouped inventory from json  ğŸ§© {'version': 'Unknown_Ver', 'level': 'ERROR'}
